// Jest Snapshot v1, https://goo.gl/fbAQLP

exports[`dashboard component should render component as described in snapshot 1`] = `
<app-delete>
  <div
    class="container"
  >
    
    
    <h3
      mat-dialog-title=""
    >
      Are you sure?
    </h3>
    
    
    <div
      mat-dialog-content=""
    >
      
      Grade:
      
      <p />
      
      Number:
      
      <p />
      
      Description:
      
      <p />
      
    
    </div>
    
  
    
    <div
      mat-dialog-actions=""
    >
      
      
      <button
        mat-button=""
      >
        Delete
      </button>
      
      
      <button
        mat-button=""
        tabindex="-1"
      >
        Cancel
      </button>
      
    
    </div>
    
  
  </div>
  
</app-delete>
`;
